nohup: ignoring input
Dataset: cifar100  |  Project base: /home1/jkshaikh/CGRS_Project/CIFAR100_Rebuild
/home1/jkshaikh/.conda/envs/cgrs_env/lib/python3.11/site-packages/huggingface_hub/file_download.py:949: FutureWarning: `resume_download` is deprecated and will be removed in version 1.0.0. Downloads always resume when possible. If you want to force a new download, use `force_download=True`.
  warnings.warn(
Files already downloaded and verified
Files already downloaded and verified
Train: 45,000  Val: 5,000  Test: 10,000
Steps/epoch: 2813  Total steps/run: 8439
Run: AdaLoRA_target_r16  init_r=24  target_r=16
Some weights of ViTForImageClassification were not initialized from the model checkpoint at google/vit-base-patch16-224 and are newly initialized because the shapes did not match:
- classifier.bias: found shape torch.Size([1000]) in the checkpoint and torch.Size([100]) in the model instantiated
- classifier.weight: found shape torch.Size([1000, 768]) in the checkpoint and torch.Size([100, 768]) in the model instantiated
You should probably TRAIN this model on a down-stream task to be able to use it for predictions and inference.
  Epoch 1/3 done. Val Acc 86.96%
  Epoch 2/3 done. Val Acc 89.50%
  Epoch 3/3 done. Val Acc 89.98%
  AdaLoRA_target_r16 COMPLETE — Test Acc 89.25%  Params 885,312
Run: AdaLoRA_target_r32  init_r=48  target_r=32
Some weights of ViTForImageClassification were not initialized from the model checkpoint at google/vit-base-patch16-224 and are newly initialized because the shapes did not match:
- classifier.bias: found shape torch.Size([1000]) in the checkpoint and torch.Size([100]) in the model instantiated
- classifier.weight: found shape torch.Size([1000, 768]) in the checkpoint and torch.Size([100, 768]) in the model instantiated
You should probably TRAIN this model on a down-stream task to be able to use it for predictions and inference.
  Epoch 1/3 done. Val Acc 87.38%
  Epoch 2/3 done. Val Acc 89.36%
  Epoch 3/3 done. Val Acc 89.44%
  AdaLoRA_target_r32 COMPLETE — Test Acc 89.71%  Params 1,770,624
Run: AdaLoRA_target_r64  init_r=96  target_r=64
Some weights of ViTForImageClassification were not initialized from the model checkpoint at google/vit-base-patch16-224 and are newly initialized because the shapes did not match:
- classifier.bias: found shape torch.Size([1000]) in the checkpoint and torch.Size([100]) in the model instantiated
- classifier.weight: found shape torch.Size([1000, 768]) in the checkpoint and torch.Size([100, 768]) in the model instantiated
You should probably TRAIN this model on a down-stream task to be able to use it for predictions and inference.
  Epoch 1/3 done. Val Acc 88.14%
  Epoch 2/3 done. Val Acc 90.38%
  Epoch 3/3 done. Val Acc 90.62%
  AdaLoRA_target_r64 COMPLETE — Test Acc 90.06%  Params 3,541,248

======================================================================
AdaLoRA Comparison — cifar100
======================================================================
Run                         Target r   Test Acc       Params
----------------------------------------------------------------------
AdaLoRA_target_r16                16     89.25%      885,312
AdaLoRA_target_r32                32     89.71%    1,770,624
AdaLoRA_target_r64                64     90.06%    3,541,248

Saved to /home1/jkshaikh/CGRS_Project/CIFAR100_Rebuild/adalora_results/adalora_all_results.json
